// Jest Snapshot v1, https://goo.gl/fbAQLP

exports[`PokemonOptions Component debe de hacer match con el snapshot 1`] = `[Function]`;
